[INFO] Scanning for projects...
[INFO] 
[INFO] ---------------------------< project:voting >---------------------------
[INFO] Building voting 0.0.1-SNAPSHOT
[INFO]   from pom.xml
[INFO] --------------------------------[ jar ]---------------------------------
[INFO] 
[INFO] >>> spring-boot:3.4.1:run (default-cli) > test-compile @ voting >>>
[INFO] 
[INFO] --- resources:3.3.1:resources (default-resources) @ voting ---
[INFO] Copying 1 resource from src\main\resources to target\classes
[INFO] Copying 1 resource from src\main\resources to target\classes
[INFO] 
[INFO] --- compiler:3.13.0:compile (default-compile) @ voting ---
[INFO] Recompiling the module because of added or removed source files.
[INFO] Compiling 18 source files with javac [debug parameters release 23] to target\classes
[INFO] 
[INFO] --- resources:3.3.1:testResources (default-testResources) @ voting ---
[INFO] skip non existing resourceDirectory C:\Users\ruchi\Downloads\Online-Voting-System-main\Online-Voting-System-main\voting-spring\src\test\resources
[INFO] 
[INFO] --- compiler:3.13.0:testCompile (default-testCompile) @ voting ---
[INFO] Recompiling the module because of changed dependency.
[INFO] Compiling 1 source file with javac [debug parameters release 23] to target\test-classes
[INFO] 
[INFO] <<< spring-boot:3.4.1:run (default-cli) < test-compile @ voting <<<
[INFO] 
[INFO] 
[INFO] --- spring-boot:3.4.1:run (default-cli) @ voting ---
[INFO] Attaching agents: []

  .   ____          _            __ _ _
 /\\ / ___'_ __ _ _(_)_ __  __ _ \ \ \ \
( ( )\___ | '_ | '_| | '_ \/ _` | \ \ \ \
 \\/  ___)| |_)| | | | | || (_| |  ) ) ) )
  '  |____| .__|_| |_|_| |_\__, | / / / /
 =========|_|==============|___/=/_/_/_/

 :: Spring Boot ::                (v3.4.1)

2026-04-04T15:22:54.660+05:30  INFO 30532 --- [  restartedMain] project.voting.VotingApplication         : Starting VotingApplication using Java 23.0.2 with PID 30532 (C:\Users\ruchi\Downloads\Online-Voting-System-main\Online-Voting-System-main\voting-spring\target\classes started by ruchi in C:\Users\ruchi\Downloads\Online-Voting-System-main\Online-Voting-System-main\voting-spring)
2026-04-04T15:22:54.667+05:30  INFO 30532 --- [  restartedMain] project.voting.VotingApplication         : No active profile set, falling back to 1 default profile: "default"
2026-04-04T15:22:54.669+05:30 DEBUG 30532 --- [  restartedMain] o.s.boot.SpringApplication               : Loading source class project.voting.VotingApplication
2026-04-04T15:22:54.877+05:30 DEBUG 30532 --- [  restartedMain] o.s.b.devtools.restart.ChangeableUrls    : Matching URLs for reloading : [file:/C:/Users/ruchi/Downloads/Online-Voting-System-main/Online-Voting-System-main/voting-spring/target/classes/]
2026-04-04T15:22:54.878+05:30 DEBUG 30532 --- [  restartedMain] o.s.b.d.settings.DevToolsSettings        : Included patterns for restart : []
2026-04-04T15:22:54.878+05:30 DEBUG 30532 --- [  restartedMain] o.s.b.d.settings.DevToolsSettings        : Excluded patterns for restart : [/spring-boot-starter-[\w-]+/, /spring-boot/(bin|build|out)/, /spring-boot-starter/(bin|build|out)/, /spring-boot-devtools/(bin|build|out)/, /spring-boot-actuator/(bin|build|out)/, /spring-boot-autoconfigure/(bin|build|out)/]
2026-04-04T15:22:54.879+05:30  INFO 30532 --- [  restartedMain] .e.DevToolsPropertyDefaultsPostProcessor : Devtools property defaults active! Set 'spring.devtools.add-properties' to 'false' to disable
2026-04-04T15:22:54.879+05:30  INFO 30532 --- [  restartedMain] .e.DevToolsPropertyDefaultsPostProcessor : For additional web related logging consider setting the 'logging.level.web' property to 'DEBUG'
2026-04-04T15:22:54.880+05:30 DEBUG 30532 --- [  restartedMain] ConfigServletWebServerApplicationContext : Refreshing org.springframework.boot.web.servlet.context.AnnotationConfigServletWebServerApplicationContext@2be6e03d
2026-04-04T15:22:57.324+05:30  INFO 30532 --- [  restartedMain] .s.d.r.c.RepositoryConfigurationDelegate : Bootstrapping Spring Data JPA repositories in DEFAULT mode.
2026-04-04T15:22:57.443+05:30 DEBUG 30532 --- [  restartedMain] o.s.b.a.AutoConfigurationPackages        : @EnableAutoConfiguration was declared on a class in the package 'project.voting'. Automatic @Repository and @Entity scanning is enabled.
2026-04-04T15:22:57.614+05:30  INFO 30532 --- [  restartedMain] .s.d.r.c.RepositoryConfigurationDelegate : Finished Spring Data repository scanning in 209 ms. Found 3 JPA repository interfaces.
2026-04-04T15:22:59.147+05:30 DEBUG 30532 --- [  restartedMain] .s.b.w.e.t.TomcatServletWebServerFactory : Code archive: C:\Users\ruchi\.m2\repository\org\springframework\boot\spring-boot\3.4.1\spring-boot-3.4.1.jar
2026-04-04T15:22:59.147+05:30 DEBUG 30532 --- [  restartedMain] .s.b.w.e.t.TomcatServletWebServerFactory : Code archive: C:\Users\ruchi\.m2\repository\org\springframework\boot\spring-boot\3.4.1\spring-boot-3.4.1.jar
2026-04-04T15:22:59.148+05:30 DEBUG 30532 --- [  restartedMain] .s.b.w.e.t.TomcatServletWebServerFactory : None of the document roots [src/main/webapp, public, static] point to a directory and will be ignored.
2026-04-04T15:22:59.236+05:30  INFO 30532 --- [  restartedMain] o.s.b.w.embedded.tomcat.TomcatWebServer  : Tomcat initialized with port 8080 (http)
